Archive member included to satisfy reference by file (symbol)

c:/program files (x86)/atollic/truestudio for stm32 9.3.0/armtools/bin/../lib/gcc/arm-atollic-eabi/6.3.1/../../../../arm-atollic-eabi/lib/armv6-m\libc_nano.a(lib_a-errno.o)
                              Src\syscalls.o (__errno)
c:/program files (x86)/atollic/truestudio for stm32 9.3.0/armtools/bin/../lib/gcc/arm-atollic-eabi/6.3.1/../../../../arm-atollic-eabi/lib/armv6-m\libc_nano.a(lib_a-impure.o)
                              c:/program files (x86)/atollic/truestudio for stm32 9.3.0/armtools/bin/../lib/gcc/arm-atollic-eabi/6.3.1/../../../../arm-atollic-eabi/lib/armv6-m\libc_nano.a(lib_a-errno.o) (_impure_ptr)
c:/program files (x86)/atollic/truestudio for stm32 9.3.0/armtools/bin/../lib/gcc/arm-atollic-eabi/6.3.1/../../../../arm-atollic-eabi/lib/armv6-m\libc_nano.a(lib_a-init.o)
                              startup\startup_stm32l072xx.o (__libc_init_array)
c:/program files (x86)/atollic/truestudio for stm32 9.3.0/armtools/bin/../lib/gcc/arm-atollic-eabi/6.3.1/../../../../arm-atollic-eabi/lib/armv6-m\libc_nano.a(lib_a-memset.o)
                              Drivers\STM32L0xx_HAL_Driver\Src\stm32l0xx_hal_rcc.o (memset)
c:/program files (x86)/atollic/truestudio for stm32 9.3.0/armtools/bin/../lib/gcc/arm-atollic-eabi/6.3.1/armv6-m\libgcc.a(_thumb1_case_uqi.o)
                              Drivers\STM32L0xx_HAL_Driver\Src\stm32l0xx_hal_dma.o (__gnu_thumb1_case_uqi)
c:/program files (x86)/atollic/truestudio for stm32 9.3.0/armtools/bin/../lib/gcc/arm-atollic-eabi/6.3.1/armv6-m\libgcc.a(_thumb1_case_shi.o)
                              Drivers\STM32L0xx_HAL_Driver\Src\stm32l0xx_hal_uart.o (__gnu_thumb1_case_shi)
c:/program files (x86)/atollic/truestudio for stm32 9.3.0/armtools/bin/../lib/gcc/arm-atollic-eabi/6.3.1/armv6-m\libgcc.a(_udivsi3.o)
                              Drivers\STM32L0xx_HAL_Driver\Src\stm32l0xx_hal.o (__aeabi_uidiv)
c:/program files (x86)/atollic/truestudio for stm32 9.3.0/armtools/bin/../lib/gcc/arm-atollic-eabi/6.3.1/armv6-m\libgcc.a(_dvmd_tls.o)
                              c:/program files (x86)/atollic/truestudio for stm32 9.3.0/armtools/bin/../lib/gcc/arm-atollic-eabi/6.3.1/armv6-m\libgcc.a(_udivsi3.o) (__aeabi_idiv0)
c:/program files (x86)/atollic/truestudio for stm32 9.3.0/armtools/bin/../lib/gcc/arm-atollic-eabi/6.3.1/armv6-m\libgcc.a(_aeabi_uldivmod.o)
                              Drivers\STM32L0xx_HAL_Driver\Src\stm32l0xx_hal_uart.o (__aeabi_uldivmod)
c:/program files (x86)/atollic/truestudio for stm32 9.3.0/armtools/bin/../lib/gcc/arm-atollic-eabi/6.3.1/armv6-m\libgcc.a(_udivmoddi4.o)
                              c:/program files (x86)/atollic/truestudio for stm32 9.3.0/armtools/bin/../lib/gcc/arm-atollic-eabi/6.3.1/armv6-m\libgcc.a(_aeabi_uldivmod.o) (__udivmoddi4)
c:/program files (x86)/atollic/truestudio for stm32 9.3.0/armtools/bin/../lib/gcc/arm-atollic-eabi/6.3.1/armv6-m\libgcc.a(_clzdi2.o)
                              c:/program files (x86)/atollic/truestudio for stm32 9.3.0/armtools/bin/../lib/gcc/arm-atollic-eabi/6.3.1/armv6-m\libgcc.a(_udivmoddi4.o) (__clzdi2)
c:/program files (x86)/atollic/truestudio for stm32 9.3.0/armtools/bin/../lib/gcc/arm-atollic-eabi/6.3.1/armv6-m\libgcc.a(_clzsi2.o)
                              c:/program files (x86)/atollic/truestudio for stm32 9.3.0/armtools/bin/../lib/gcc/arm-atollic-eabi/6.3.1/armv6-m\libgcc.a(_clzdi2.o) (__clzsi2)

Allocating common symbols
Common symbol       size              file

posFimString        0x4               Src\main.o
hi2c1               0x4c              Src\main.o
hdma_usart4_tx      0x48              Src\main.o
uwTick              0x4               Drivers\STM32L0xx_HAL_Driver\Src\stm32l0xx_hal.o
pFlash              0x18              Drivers\STM32L0xx_HAL_Driver\Src\stm32l0xx_hal_flash.o
hlpuart1            0x80              Src\main.o
hdma_usart4_rx      0x48              Src\main.o
huart5              0x80              Src\main.o
huart1              0x80              Src\main.o
hdma_lpuart1_tx     0x48              Src\main.o
hdma_lpuart1_rx     0x48              Src\main.o
aRxBuffer           0x64              Src\main.o
huart4              0x80              Src\main.o
huart2              0x80              Src\main.o
hdma_adc            0x48              Src\main.o
hadc                0x5c              Src\main.o
word                0x64              Src\main.o

Discarded input sections

 .text          0x00000000        0x0 c:/program files (x86)/atollic/truestudio for stm32 9.3.0/armtools/bin/../lib/gcc/arm-atollic-eabi/6.3.1/armv6-m/crti.o
 .data          0x00000000        0x0 c:/program files (x86)/atollic/truestudio for stm32 9.3.0/armtools/bin/../lib/gcc/arm-atollic-eabi/6.3.1/armv6-m/crti.o
 .bss           0x00000000        0x0 c:/program files (x86)/atollic/truestudio for stm32 9.3.0/armtools/bin/../lib/gcc/arm-atollic-eabi/6.3.1/armv6-m/crti.o
[...]
Memory Configuration

Name             Origin             Length             Attributes
RAM              0x20000000         0x00005000         xrw
FLASH            0x08000000         0x00020000         xr
*default*        0x00000000         0xffffffff

Linker script and memory map

LOAD c:/program files (x86)/atollic/truestudio for stm32 9.3.0/armtools/bin/../lib/gcc/arm-atollic-eabi/6.3.1/armv6-m/crti.o
LOAD c:/program files (x86)/atollic/truestudio for stm32 9.3.0/armtools/bin/../lib/gcc/arm-atollic-eabi/6.3.1/armv6-m/crtbegin.o
LOAD Drivers\STM32L0xx_HAL_Driver\Src\stm32l0xx_hal.o
LOAD Drivers\STM32L0xx_HAL_Driver\Src\stm32l0xx_hal_adc.o
LOAD Drivers\STM32L0xx_HAL_Driver\Src\stm32l0xx_hal_adc_ex.o
LOAD Drivers\STM32L0xx_HAL_Driver\Src\stm32l0xx_hal_cortex.o
LOAD Drivers\STM32L0xx_HAL_Driver\Src\stm32l0xx_hal_dma.o
LOAD Drivers\STM32L0xx_HAL_Driver\Src\stm32l0xx_hal_flash.o
LOAD Drivers\STM32L0xx_HAL_Driver\Src\stm32l0xx_hal_flash_ex.o
LOAD Drivers\STM32L0xx_HAL_Driver\Src\stm32l0xx_hal_flash_ramfunc.o
LOAD Drivers\STM32L0xx_HAL_Driver\Src\stm32l0xx_hal_gpio.o
LOAD Drivers\STM32L0xx_HAL_Driver\Src\stm32l0xx_hal_i2c.o
LOAD Drivers\STM32L0xx_HAL_Driver\Src\stm32l0xx_hal_i2c_ex.o
LOAD Drivers\STM32L0xx_HAL_Driver\Src\stm32l0xx_hal_pwr.o
LOAD Drivers\STM32L0xx_HAL_Driver\Src\stm32l0xx_hal_pwr_ex.o
LOAD Drivers\STM32L0xx_HAL_Driver\Src\stm32l0xx_hal_rcc.o
LOAD Drivers\STM32L0xx_HAL_Driver\Src\stm32l0xx_hal_rcc_ex.o
LOAD Drivers\STM32L0xx_HAL_Driver\Src\stm32l0xx_hal_tim.o
LOAD Drivers\STM32L0xx_HAL_Driver\Src\stm32l0xx_hal_tim_ex.o
LOAD Drivers\STM32L0xx_HAL_Driver\Src\stm32l0xx_hal_uart.o
LOAD Drivers\STM32L0xx_HAL_Driver\Src\stm32l0xx_hal_uart_ex.o
LOAD Drivers\STM32L0xx_HAL_Driver\Src\stm32l0xx_ll_exti.o
LOAD Drivers\STM32L0xx_HAL_Driver\Src\stm32l0xx_ll_gpio.o
LOAD Drivers\STM32L0xx_HAL_Driver\Src\stm32l0xx_ll_rcc.o
LOAD Drivers\STM32L0xx_HAL_Driver\Src\stm32l0xx_ll_rtc.o
LOAD Drivers\STM32L0xx_HAL_Driver\Src\stm32l0xx_ll_utils.o
LOAD Src\main.o
LOAD Src\stm32l0xx_hal_msp.o
LOAD Src\stm32l0xx_it.o
LOAD Src\syscalls.o
LOAD Src\system_stm32l0xx.o
LOAD startup\startup_stm32l072xx.o
                0x00000080                malloc_getpagesize_P = 0x80
START GROUP
LOAD c:/program files (x86)/atollic/truestudio for stm32 9.3.0/armtools/bin/../lib/gcc/arm-atollic-eabi/6.3.1/../../../../arm-atollic-eabi/lib/armv6-m\libc_nano.a
LOAD c:/program files (x86)/atollic/truestudio for stm32 9.3.0/armtools/bin/../lib/gcc/arm-atollic-eabi/6.3.1/../../../../arm-atollic-eabi/lib/armv6-m\libm.a
END GROUP
START GROUP
LOAD c:/program files (x86)/atollic/truestudio for stm32 9.3.0/armtools/bin/../lib/gcc/arm-atollic-eabi/6.3.1/armv6-m\libgcc.a
LOAD c:/program files (x86)/atollic/truestudio for stm32 9.3.0/armtools/bin/../lib/gcc/arm-atollic-eabi/6.3.1/../../../../arm-atollic-eabi/lib/armv6-m\libc_nano.a
END GROUP
START GROUP
LOAD c:/program files (x86)/atollic/truestudio for stm32 9.3.0/armtools/bin/../lib/gcc/arm-atollic-eabi/6.3.1/armv6-m\libgcc.a
LOAD c:/program files (x86)/atollic/truestudio for stm32 9.3.0/armtools/bin/../lib/gcc/arm-atollic-eabi/6.3.1/../../../../arm-atollic-eabi/lib/armv6-m\libc_nano.a
LOAD c:/program files (x86)/atollic/truestudio for stm32 9.3.0/armtools/bin/../lib/gcc/arm-atollic-eabi/6.3.1/../../../../arm-atollic-eabi/lib/armv6-m\libnosys.a
END GROUP
START GROUP
LOAD c:/program files (x86)/atollic/truestudio for stm32 9.3.0/armtools/bin/../lib/gcc/arm-atollic-eabi/6.3.1/armv6-m\libgcc.a
LOAD c:/program files (x86)/atollic/truestudio for stm32 9.3.0/armtools/bin/../lib/gcc/arm-atollic-eabi/6.3.1/../../../../arm-atollic-eabi/lib/armv6-m\libc_nano.a
LOAD c:/program files (x86)/atollic/truestudio for stm32 9.3.0/armtools/bin/../lib/gcc/arm-atollic-eabi/6.3.1/../../../../arm-atollic-eabi/lib/armv6-m\libnosys.a
END GROUP
LOAD c:/program files (x86)/atollic/truestudio for stm32 9.3.0/armtools/bin/../lib/gcc/arm-atollic-eabi/6.3.1/armv6-m/crtend.o
LOAD c:/program files (x86)/atollic/truestudio for stm32 9.3.0/armtools/bin/../lib/gcc/arm-atollic-eabi/6.3.1/armv6-m/crtn.o
                0x20005000                _estack = 0x20005000
                0x00000200                _Min_Heap_Size = 0x200
                0x00000400                _Min_Stack_Size = 0x400

.isr_vector     0x08000000       0xc0
                0x08000000                . = ALIGN (0x4)
 *(.isr_vector)
 .isr_vector    0x08000000       0xc0 startup\startup_stm32l072xx.o
                0x08000000                g_pfnVectors
                0x080000c0                . = ALIGN (0x4)

.text           0x080000c0     0x3710
                0x080000c0                . = ALIGN (0x4)
 *(.text)
 .text          0x080000c0       0x48 c:/program files (x86)/atollic/truestudio for stm32 9.3.0/armtools/bin/../lib/gcc/arm-atollic-eabi/6.3.1/armv6-m/crtbegin.o
 .text          0x08000108       0x14 c:/program files (x86)/atollic/truestudio for stm32 9.3.0/armtools/bin/../lib/gcc/arm-atollic-eabi/6.3.1/armv6-m\libgcc.a(_thumb1_case_uqi.o)
                0x08000108                __gnu_thumb1_case_uqi
 .text          0x0800011c       0x14 c:/program files (x86)/atollic/truestudio for stm32 9.3.0/armtools/bin/../lib/gcc/arm-atollic-eabi/6.3.1/armv6-m\libgcc.a(_thumb1_case_shi.o)
                0x0800011c                __gnu_thumb1_case_shi
 .text          0x08000130      0x114 c:/program files (x86)/atollic/truestudio for stm32 9.3.0/armtools/bin/../lib/gcc/arm-atollic-eabi/6.3.1/armv6-m\libgcc.a(_udivsi3.o)
                0x08000130                __aeabi_uidiv
                0x08000130                __udivsi3
                0x0800023c                __aeabi_uidivmod
 .text          0x08000244        0x4 c:/program files (x86)/atollic/truestudio for stm32 9.3.0/armtools/bin/../lib/gcc/arm-atollic-eabi/6.3.1/armv6-m\libgcc.a(_dvmd_tls.o)
                0x08000244                __aeabi_idiv0
                0x08000244                __aeabi_ldiv0
 .text          0x08000248       0x40 c:/program files (x86)/atollic/truestudio for stm32 9.3.0/armtools/bin/../lib/gcc/arm-atollic-eabi/6.3.1/armv6-m\libgcc.a(_aeabi_uldivmod.o)
                0x08000248                __aeabi_uldivmod
 .text          0x08000288      0x180 c:/program files (x86)/atollic/truestudio for stm32 9.3.0/armtools/bin/../lib/gcc/arm-atollic-eabi/6.3.1/armv6-m\libgcc.a(_udivmoddi4.o)
                0x08000288                __udivmoddi4
 .text          0x08000408       0x18 c:/program files (x86)/atollic/truestudio for stm32 9.3.0/armtools/bin/../lib/gcc/arm-atollic-eabi/6.3.1/armv6-m\libgcc.a(_clzdi2.o)
                0x08000408                __clzdi2
 .text          0x08000420       0x3c c:/program files (x86)/atollic/truestudio for stm32 9.3.0/armtools/bin/../lib/gcc/arm-atollic-eabi/6.3.1/armv6-m\libgcc.a(_clzsi2.o)
                0x08000420                __clzsi2
 *(.text*)
 .text.HAL_InitTick
                0x0800045c       0x30 Drivers\STM32L0xx_HAL_Driver\Src\stm32l0xx_hal.o
                0x0800045c                HAL_InitTick
 .text.HAL_Init
                0x0800048c       0x28 Drivers\STM32L0xx_HAL_Driver\Src\stm32l0xx_hal.o
                0x0800048c                HAL_Init
 .text.HAL_IncTick
                0x080004b4       0x10 Drivers\STM32L0xx_HAL_Driver\Src\stm32l0xx_hal.o
                0x080004b4                HAL_IncTick
 .text.HAL_GetTick
                0x080004c4        0xc Drivers\STM32L0xx_HAL_Driver\Src\stm32l0xx_hal.o
                0x080004c4                HAL_GetTick
 .text.ADC_DelayMicroSecond
                0x080004d0       0x2c Drivers\STM32L0xx_HAL_Driver\Src\stm32l0xx_hal_adc.o
 .text.HAL_ADC_Init
                0x080004fc      0x3a0 Drivers\STM32L0xx_HAL_Driver\Src\stm32l0xx_hal_adc.o
                0x080004fc                HAL_ADC_Init
 .text.HAL_ADC_ConvCpltCallback
                0x0800089c        0x2 Drivers\STM32L0xx_HAL_Driver\Src\stm32l0xx_hal_adc.o
                0x0800089c                HAL_ADC_ConvCpltCallback
 .text.HAL_ADC_LevelOutOfWindowCallback
                0x0800089e        0x2 Drivers\STM32L0xx_HAL_Driver\Src\stm32l0xx_hal_adc.o
                0x0800089e                HAL_ADC_LevelOutOfWindowCallback
 .text.HAL_ADC_ErrorCallback
                0x080008a0        0x2 Drivers\STM32L0xx_HAL_Driver\Src\stm32l0xx_hal_adc.o
                0x080008a0                HAL_ADC_ErrorCallback
 *fill*         0x080008a2        0x2 
 .text.HAL_ADC_IRQHandler
                0x080008a4      0x12c Drivers\STM32L0xx_HAL_Driver\Src\stm32l0xx_hal_adc.o
                0x080008a4                HAL_ADC_IRQHandler
 .text.HAL_ADC_ConfigChannel
                0x080009d0      0x198 Drivers\STM32L0xx_HAL_Driver\Src\stm32l0xx_hal_adc.o
                0x080009d0                HAL_ADC_ConfigChannel
 .text.HAL_NVIC_SetPriority
                0x08000b68       0x74 Drivers\STM32L0xx_HAL_Driver\Src\stm32l0xx_hal_cortex.o
                0x08000b68                HAL_NVIC_SetPriority
 .text.HAL_NVIC_EnableIRQ
                0x08000bdc       0x24 Drivers\STM32L0xx_HAL_Driver\Src\stm32l0xx_hal_cortex.o
                0x08000bdc                HAL_NVIC_EnableIRQ
 .text.HAL_SYSTICK_Config
                0x08000c00       0x34 Drivers\STM32L0xx_HAL_Driver\Src\stm32l0xx_hal_cortex.o
                0x08000c00                HAL_SYSTICK_Config
 .text.HAL_DMA_Init
                0x08000c34      0x188 Drivers\STM32L0xx_HAL_Driver\Src\stm32l0xx_hal_dma.o
                0x08000c34                HAL_DMA_Init
 .text.HAL_DMA_Start_IT
                0x08000dbc       0xa0 Drivers\STM32L0xx_HAL_Driver\Src\stm32l0xx_hal_dma.o
                0x08000dbc                HAL_DMA_Start_IT
 .text.HAL_DMA_Abort_IT
                0x08000e5c       0x4a Drivers\STM32L0xx_HAL_Driver\Src\stm32l0xx_hal_dma.o
                0x08000e5c                HAL_DMA_Abort_IT
 .text.HAL_DMA_IRQHandler
                0x08000ea6       0x96 Drivers\STM32L0xx_HAL_Driver\Src\stm32l0xx_hal_dma.o
                0x08000ea6                HAL_DMA_IRQHandler
 .text.HAL_GPIO_Init
                0x08000f3c      0x26c Drivers\STM32L0xx_HAL_Driver\Src\stm32l0xx_hal_gpio.o
                0x08000f3c                HAL_GPIO_Init
 .text.HAL_GPIO_WritePin
                0x080011a8       0x84 Drivers\STM32L0xx_HAL_Driver\Src\stm32l0xx_hal_gpio.o
                0x080011a8                HAL_GPIO_WritePin
 .text.HAL_GPIO_EXTI_Callback
                0x0800122c        0x2 Drivers\STM32L0xx_HAL_Driver\Src\stm32l0xx_hal_gpio.o
                0x0800122c                HAL_GPIO_EXTI_Callback
 *fill*         0x0800122e        0x2 
 .text.HAL_GPIO_EXTI_IRQHandler
                0x08001230       0x18 Drivers\STM32L0xx_HAL_Driver\Src\stm32l0xx_hal_gpio.o
                0x08001230                HAL_GPIO_EXTI_IRQHandler
 .text.HAL_I2C_Init
                0x08001248      0x160 Drivers\STM32L0xx_HAL_Driver\Src\stm32l0xx_hal_i2c.o
                0x08001248                HAL_I2C_Init
 .text.HAL_I2CEx_ConfigAnalogFilter
                0x080013a8       0x8c Drivers\STM32L0xx_HAL_Driver\Src\stm32l0xx_hal_i2c_ex.o
                0x080013a8                HAL_I2CEx_ConfigAnalogFilter
 .text.HAL_I2CEx_ConfigDigitalFilter
                0x08001434       0x84 Drivers\STM32L0xx_HAL_Driver\Src\stm32l0xx_hal_i2c_ex.o
                0x08001434                HAL_I2CEx_ConfigDigitalFilter
 .text.HAL_RCC_GetSysClockFreq
                0x080014b8       0x78 Drivers\STM32L0xx_HAL_Driver\Src\stm32l0xx_hal_rcc.o
                0x080014b8                HAL_RCC_GetSysClockFreq
 .text.HAL_RCC_OscConfig
                0x08001530      0x6bc Drivers\STM32L0xx_HAL_Driver\Src\stm32l0xx_hal_rcc.o
                0x08001530                HAL_RCC_OscConfig
 .text.HAL_RCC_ClockConfig
                0x08001bec      0x248 Drivers\STM32L0xx_HAL_Driver\Src\stm32l0xx_hal_rcc.o
                0x08001bec                HAL_RCC_ClockConfig
 .text.HAL_RCC_GetPCLK1Freq
                0x08001e34       0x20 Drivers\STM32L0xx_HAL_Driver\Src\stm32l0xx_hal_rcc.o
                0x08001e34                HAL_RCC_GetPCLK1Freq
 .text.HAL_RCC_GetPCLK2Freq
                0x08001e54       0x20 Drivers\STM32L0xx_HAL_Driver\Src\stm32l0xx_hal_rcc.o
                0x08001e54                HAL_RCC_GetPCLK2Freq
 .text.HAL_RCCEx_PeriphCLKConfig
                0x08001e74      0x290 Drivers\STM32L0xx_HAL_Driver\Src\stm32l0xx_hal_rcc_ex.o
                0x08001e74                HAL_RCCEx_PeriphCLKConfig
 .text.UART_EndRxTransfer
                0x08002104       0x24 Drivers\STM32L0xx_HAL_Driver\Src\stm32l0xx_hal_uart.o
 .text.HAL_UART_Transmit_DMA
                0x08002128       0x9c Drivers\STM32L0xx_HAL_Driver\Src\stm32l0xx_hal_uart.o
                0x08002128                HAL_UART_Transmit_DMA
 .text.HAL_UART_Receive_DMA
                0x080021c4       0xb0 Drivers\STM32L0xx_HAL_Driver\Src\stm32l0xx_hal_uart.o
                0x080021c4                HAL_UART_Receive_DMA
 .text.UART_DMATransmitCplt
                0x08002274       0x30 Drivers\STM32L0xx_HAL_Driver\Src\stm32l0xx_hal_uart.o
 .text.HAL_UART_TxHalfCpltCallback
                0x080022a4        0x2 Drivers\STM32L0xx_HAL_Driver\Src\stm32l0xx_hal_uart.o
                0x080022a4                HAL_UART_TxHalfCpltCallback
 .text.UART_DMATxHalfCplt
                0x080022a6        0xa Drivers\STM32L0xx_HAL_Driver\Src\stm32l0xx_hal_uart.o
 .text.UART_DMAReceiveCplt
                0x080022b0       0x40 Drivers\STM32L0xx_HAL_Driver\Src\stm32l0xx_hal_uart.o
 .text.HAL_UART_RxHalfCpltCallback
                0x080022f0        0x2 Drivers\STM32L0xx_HAL_Driver\Src\stm32l0xx_hal_uart.o
                0x080022f0                HAL_UART_RxHalfCpltCallback
 .text.UART_DMARxHalfCplt
                0x080022f2        0xa Drivers\STM32L0xx_HAL_Driver\Src\stm32l0xx_hal_uart.o
 .text.HAL_UART_ErrorCallback
                0x080022fc        0x2 Drivers\STM32L0xx_HAL_Driver\Src\stm32l0xx_hal_uart.o
                0x080022fc                HAL_UART_ErrorCallback
 .text.UART_DMAError
                0x080022fe       0x50 Drivers\STM32L0xx_HAL_Driver\Src\stm32l0xx_hal_uart.o
 *fill*         0x0800234e        0x2 
 .text.HAL_UART_IRQHandler
                0x08002350      0x138 Drivers\STM32L0xx_HAL_Driver\Src\stm32l0xx_hal_uart.o
                0x08002350                HAL_UART_IRQHandler
 .text.UART_DMAAbortOnError
                0x08002488       0x16 Drivers\STM32L0xx_HAL_Driver\Src\stm32l0xx_hal_uart.o
 *fill*         0x0800249e        0x2 
 .text.UART_SetConfig
                0x080024a0      0x348 Drivers\STM32L0xx_HAL_Driver\Src\stm32l0xx_hal_uart.o
                0x080024a0                UART_SetConfig
 .text.UART_AdvFeatureConfig
                0x080027e8      0x1bc Drivers\STM32L0xx_HAL_Driver\Src\stm32l0xx_hal_uart.o
                0x080027e8                UART_AdvFeatureConfig
 .text.UART_WaitOnFlagUntilTimeout
                0x080029a4       0x5c Drivers\STM32L0xx_HAL_Driver\Src\stm32l0xx_hal_uart.o
                0x080029a4                UART_WaitOnFlagUntilTimeout
 .text.HAL_UART_Transmit
                0x08002a00       0xd2 Drivers\STM32L0xx_HAL_Driver\Src\stm32l0xx_hal_uart.o
                0x08002a00                HAL_UART_Transmit
 *fill*         0x08002ad2        0x2 
 .text.UART_CheckIdleState
                0x08002ad4       0x60 Drivers\STM32L0xx_HAL_Driver\Src\stm32l0xx_hal_uart.o
                0x08002ad4                UART_CheckIdleState
 .text.HAL_UART_Init
                0x08002b34       0xd0 Drivers\STM32L0xx_HAL_Driver\Src\stm32l0xx_hal_uart.o
                0x08002b34                HAL_UART_Init
 .text.HAL_UARTEx_WakeupCallback
                0x08002c04        0x2 Drivers\STM32L0xx_HAL_Driver\Src\stm32l0xx_hal_uart_ex.o
                0x08002c04                HAL_UARTEx_WakeupCallback
 *fill*         0x08002c06        0x2 
 .text.LL_RTC_EnterInitMode
                0x08002c08       0x70 Drivers\STM32L0xx_HAL_Driver\Src\stm32l0xx_ll_rtc.o
                0x08002c08                LL_RTC_EnterInitMode
 .text.LL_RTC_Init
                0x08002c78       0x98 Drivers\STM32L0xx_HAL_Driver\Src\stm32l0xx_ll_rtc.o
                0x08002c78                LL_RTC_Init
 .text.SystemClock_Config
                0x08002d10       0x88 Src\main.o
                0x08002d10                SystemClock_Config
 .text.startup.main
                0x08002d98      0x484 Src\main.o
                0x08002d98                main
 .text.HAL_UART_TxCpltCallback
                0x0800321c        0xc Src\main.o
                0x0800321c                HAL_UART_TxCpltCallback
 .text.HAL_UART_RxCpltCallback
                0x08003228        0xc Src\main.o
                0x08003228                HAL_UART_RxCpltCallback
 .text.Error_Handler
                0x08003234        0x2 Src\main.o
                0x08003234                Error_Handler
 .text.assert_failed
                0x08003236        0x2 Src\main.o
                0x08003236                assert_failed
 .text.HAL_MspInit
                0x08003238       0x2c Src\stm32l0xx_hal_msp.o
                0x08003238                HAL_MspInit
 .text.HAL_ADC_MspInit
                0x08003264       0xa0 Src\stm32l0xx_hal_msp.o
                0x08003264                HAL_ADC_MspInit
 .text.HAL_I2C_MspInit
                0x08003304       0x64 Src\stm32l0xx_hal_msp.o
                0x08003304                HAL_I2C_MspInit
 .text.HAL_UART_MspInit
                0x08003368      0x278 Src\stm32l0xx_hal_msp.o
                0x08003368                HAL_UART_MspInit
 .text.NMI_Handler
                0x080035e0        0x2 Src\stm32l0xx_it.o
                0x080035e0                NMI_Handler
 .text.HardFault_Handler
                0x080035e2        0x2 Src\stm32l0xx_it.o
                0x080035e2                HardFault_Handler
 .text.SVC_Handler
                0x080035e4        0x2 Src\stm32l0xx_it.o
                0x080035e4                SVC_Handler
 .text.PendSV_Handler
                0x080035e6        0x2 Src\stm32l0xx_it.o
                0x080035e6                PendSV_Handler
 .text.SysTick_Handler
                0x080035e8        0x8 Src\stm32l0xx_it.o
                0x080035e8                SysTick_Handler
 .text.RTC_IRQHandler
                0x080035f0        0x2 Src\stm32l0xx_it.o
                0x080035f0                RTC_IRQHandler
 .text.RCC_CRS_IRQHandler
                0x080035f2        0x2 Src\stm32l0xx_it.o
                0x080035f2                RCC_CRS_IRQHandler
 .text.EXTI0_1_IRQHandler
                0x080035f4       0x10 Src\stm32l0xx_it.o
                0x080035f4                EXTI0_1_IRQHandler
 .text.EXTI4_15_IRQHandler
                0x08003604       0x14 Src\stm32l0xx_it.o
                0x08003604                EXTI4_15_IRQHandler
 .text.DMA1_Channel1_IRQHandler
                0x08003618       0x10 Src\stm32l0xx_it.o
                0x08003618                DMA1_Channel1_IRQHandler
 .text.DMA1_Channel2_3_IRQHandler
                0x08003628       0x18 Src\stm32l0xx_it.o
                0x08003628                DMA1_Channel2_3_IRQHandler
 .text.DMA1_Channel4_5_6_7_IRQHandler
                0x08003640       0x18 Src\stm32l0xx_it.o
                0x08003640                DMA1_Channel4_5_6_7_IRQHandler
 .text.ADC1_COMP_IRQHandler
                0x08003658       0x10 Src\stm32l0xx_it.o
                0x08003658                ADC1_COMP_IRQHandler
 .text.USART4_5_IRQHandler
                0x08003668       0x18 Src\stm32l0xx_it.o
                0x08003668                USART4_5_IRQHandler
 .text.USART1_IRQHandler
                0x08003680       0x10 Src\stm32l0xx_it.o
                0x08003680                USART1_IRQHandler
 .text.USART2_IRQHandler
                0x08003690       0x10 Src\stm32l0xx_it.o
                0x08003690                USART2_IRQHandler
 .text.RNG_LPUART1_IRQHandler
                0x080036a0       0x10 Src\stm32l0xx_it.o
                0x080036a0                RNG_LPUART1_IRQHandler
 .text.SystemInit
                0x080036b0       0x5c Src\system_stm32l0xx.o
                0x080036b0                SystemInit
 .text.Reset_Handler
                0x0800370c       0x50 startup\startup_stm32l072xx.o
                0x0800370c                Reset_Handler
 .text.Default_Handler
                0x0800375c        0x2 startup\startup_stm32l072xx.o
                0x0800375c                TSC_IRQHandler
                0x0800375c                PVD_IRQHandler
                0x0800375c                I2C1_IRQHandler
                0x0800375c                SPI1_IRQHandler
                0x0800375c                TIM6_DAC_IRQHandler
                0x0800375c                EXTI2_3_IRQHandler
                0x0800375c                I2C2_IRQHandler
                0x0800375c                TIM3_IRQHandler
                0x0800375c                Default_Handler
                0x0800375c                TIM22_IRQHandler
                0x0800375c                TIM7_IRQHandler
                0x0800375c                USB_IRQHandler
                0x0800375c                I2C3_IRQHandler
                0x0800375c                SPI2_IRQHandler
                0x0800375c                TIM21_IRQHandler
                0x0800375c                WWDG_IRQHandler
                0x0800375c                TIM2_IRQHandler
                0x0800375c                FLASH_IRQHandler
                0x0800375c                LPTIM1_IRQHandler
 *fill*         0x0800375e        0x2 
 .text.__libc_init_array
                0x08003760       0x48 c:/program files (x86)/atollic/truestudio for stm32 9.3.0/armtools/bin/../lib/gcc/arm-atollic-eabi/6.3.1/../../../../arm-atollic-eabi/lib/armv6-m\libc_nano.a(lib_a-init.o)
                0x08003760                __libc_init_array
 .text.memset   0x080037a8       0x10 c:/program files (x86)/atollic/truestudio for stm32 9.3.0/armtools/bin/../lib/gcc/arm-atollic-eabi/6.3.1/../../../../arm-atollic-eabi/lib/armv6-m\libc_nano.a(lib_a-memset.o)
                0x080037a8                memset
 *(.glue_7)
 .glue_7        0x080037b8        0x0 linker stubs
 *(.glue_7t)
 .glue_7t       0x080037b8        0x0 linker stubs
 *(.eh_frame)
 .eh_frame      0x080037b8        0x0 c:/program files (x86)/atollic/truestudio for stm32 9.3.0/armtools/bin/../lib/gcc/arm-atollic-eabi/6.3.1/armv6-m/crtbegin.o
 *(.init)
 .init          0x080037b8        0x4 c:/program files (x86)/atollic/truestudio for stm32 9.3.0/armtools/bin/../lib/gcc/arm-atollic-eabi/6.3.1/armv6-m/crti.o
                0x080037b8                _init
 .init          0x080037bc        0x8 c:/program files (x86)/atollic/truestudio for stm32 9.3.0/armtools/bin/../lib/gcc/arm-atollic-eabi/6.3.1/armv6-m/crtn.o
 *(.fini)
 .fini          0x080037c4        0x4 c:/program files (x86)/atollic/truestudio for stm32 9.3.0/armtools/bin/../lib/gcc/arm-atollic-eabi/6.3.1/armv6-m/crti.o
                0x080037c4                _fini
 .fini          0x080037c8        0x8 c:/program files (x86)/atollic/truestudio for stm32 9.3.0/armtools/bin/../lib/gcc/arm-atollic-eabi/6.3.1/armv6-m/crtn.o
                0x080037d0                . = ALIGN (0x4)
                0x080037d0                _etext = .

.vfp11_veneer   0x080037d0        0x0
 .vfp11_veneer  0x080037d0        0x0 linker stubs

.v4_bx          0x080037d0        0x0
 .v4_bx         0x080037d0        0x0 linker stubs

.iplt           0x080037d0        0x0
 .iplt          0x080037d0        0x0 c:/program files (x86)/atollic/truestudio for stm32 9.3.0/armtools/bin/../lib/gcc/arm-atollic-eabi/6.3.1/armv6-m/crtbegin.o

.rodata         0x080037d0      0x278
                0x080037d0                . = ALIGN (0x4)
 *(.rodata)
 *(.rodata*)
 .rodata.ADC_ConversionStop.str1.1
                0x080037d0       0x38 Drivers\STM32L0xx_HAL_Driver\Src\stm32l0xx_hal_adc.o
 .rodata.HAL_NVIC_SetPriority.str1.1
                0x08003808       0x3b Drivers\STM32L0xx_HAL_Driver\Src\stm32l0xx_hal_cortex.o
 .rodata.HAL_DMA_Init.str1.1
                0x08003843       0x38 Drivers\STM32L0xx_HAL_Driver\Src\stm32l0xx_hal_dma.o
 .rodata.HAL_GPIO_Init.str1.1
                0x0800387b       0x39 Drivers\STM32L0xx_HAL_Driver\Src\stm32l0xx_hal_gpio.o
 .rodata.I2C_TransferConfig.str1.1
                0x080038b4       0x38 Drivers\STM32L0xx_HAL_Driver\Src\stm32l0xx_hal_i2c.o
 .rodata.HAL_I2CEx_ConfigAnalogFilter.str1.1
                0x080038ec       0x3b Drivers\STM32L0xx_HAL_Driver\Src\stm32l0xx_hal_i2c_ex.o
 .rodata.HAL_RCC_MCOConfig.str1.1
                0x08003927       0x38 Drivers\STM32L0xx_HAL_Driver\Src\stm32l0xx_hal_rcc.o
 .rodata.HAL_RCCEx_PeriphCLKConfig.str1.1
                0x0800395f       0x3b Drivers\STM32L0xx_HAL_Driver\Src\stm32l0xx_hal_rcc_ex.o
 .rodata.CSWTCH.55
                0x0800399a        0x4 Drivers\STM32L0xx_HAL_Driver\Src\stm32l0xx_hal_uart.o
 .rodata.CSWTCH.56
                0x0800399e        0xd Drivers\STM32L0xx_HAL_Driver\Src\stm32l0xx_hal_uart.o
 .rodata.HAL_UART_DeInit.str1.1
                0x080039ab       0x39 Drivers\STM32L0xx_HAL_Driver\Src\stm32l0xx_hal_uart.o
 .rodata.LL_RTC_ALMA_Init.str1.1
                0x080039e4       0x37 Drivers\STM32L0xx_HAL_Driver\Src\stm32l0xx_ll_rtc.o
 .rodata.main.str1.1
                0x08003a1b        0xa Src\main.o
 .rodata.AHBPrescTable
                0x08003a25       0x10 Src\system_stm32l0xx.o
                0x08003a25                AHBPrescTable
 .rodata.APBPrescTable
                0x08003a35        0x8 Src\system_stm32l0xx.o
                0x08003a35                APBPrescTable
 .rodata.PLLMulTable
                0x08003a3d        0x9 Src\system_stm32l0xx.o
                0x08003a3d                PLLMulTable
                0x08003a48                . = ALIGN (0x4)
 *fill*         0x08003a46        0x2 

.ARM.extab
 *(.ARM.extab* .gnu.linkonce.armextab.*)

.ARM            0x08003a48        0x8
                0x08003a48                __exidx_start = .
 *(.ARM.exidx*)
 .ARM.exidx     0x08003a48        0x8 c:/program files (x86)/atollic/truestudio for stm32 9.3.0/armtools/bin/../lib/gcc/arm-atollic-eabi/6.3.1/armv6-m\libgcc.a(_udivmoddi4.o)
                0x08003a50                __exidx_end = .

.rel.dyn        0x08003a50        0x0
 .rel.iplt      0x08003a50        0x0 c:/program files (x86)/atollic/truestudio for stm32 9.3.0/armtools/bin/../lib/gcc/arm-atollic-eabi/6.3.1/armv6-m/crtbegin.o

.preinit_array  0x08003a50        0x0
                0x08003a50                PROVIDE (__preinit_array_start, .)
 *(.preinit_array*)
                0x08003a50                PROVIDE (__preinit_array_end, .)

.init_array     0x08003a50        0x4
                0x08003a50                PROVIDE (__init_array_start, .)
 *(SORT(.init_array.*))
 *(.init_array*)
 .init_array    0x08003a50        0x4 c:/program files (x86)/atollic/truestudio for stm32 9.3.0/armtools/bin/../lib/gcc/arm-atollic-eabi/6.3.1/armv6-m/crtbegin.o
                0x08003a54                PROVIDE (__init_array_end, .)

.fini_array     0x08003a54        0x4
                [!provide]                PROVIDE (__fini_array_start, .)
 *(SORT(.fini_array.*))
 *(.fini_array*)
 .fini_array    0x08003a54        0x4 c:/program files (x86)/atollic/truestudio for stm32 9.3.0/armtools/bin/../lib/gcc/arm-atollic-eabi/6.3.1/armv6-m/crtbegin.o
                [!provide]                PROVIDE (__fini_array_end, .)
                0x08003a58                _sidata = LOADADDR (.data)

.data           0x20000000       0x20 load address 0x08003a58
                0x20000000                . = ALIGN (0x4)
                0x20000000                _sdata = .
 *(.data)
 *(.data*)
 .data.aTxBuffer
                0x20000000       0x16 Src\main.o
                0x20000000                aTxBuffer
 *fill*         0x20000016        0x2 
 .data.bytesToReceive
                0x20000018        0x4 Src\main.o
                0x20000018                bytesToReceive
 .data.SystemCoreClock
                0x2000001c        0x4 Src\system_stm32l0xx.o
                0x2000001c                SystemCoreClock
                0x20000020                . = ALIGN (0x4)
                0x20000020                _edata = .

.igot.plt       0x20000020        0x0 load address 0x08003a78
 .igot.plt      0x20000020        0x0 c:/program files (x86)/atollic/truestudio for stm32 9.3.0/armtools/bin/../lib/gcc/arm-atollic-eabi/6.3.1/armv6-m/crtbegin.o
                0x20000020                . = ALIGN (0x4)

.bss            0x20000020      0x580 load address 0x08003a78
                0x20000020                _sbss = .
                0x20000020                __bss_start__ = _sbss
 *(.bss)
 .bss           0x20000020       0x1c c:/program files (x86)/atollic/truestudio for stm32 9.3.0/armtools/bin/../lib/gcc/arm-atollic-eabi/6.3.1/armv6-m/crtbegin.o
 *(.bss*)
 .bss.UartReady
                0x2000003c        0x1 Src\main.o
                0x2000003c                UartReady
 *(COMMON)
 *fill*         0x2000003d        0x3 
 COMMON         0x20000040        0x4 Drivers\STM32L0xx_HAL_Driver\Src\stm32l0xx_hal.o
                0x20000040                uwTick
 COMMON         0x20000044      0x55c Src\main.o
                0x20000044                posFimString
                0x20000048                hi2c1
                0x20000094                hdma_usart4_tx
                0x200000dc                hlpuart1
                0x2000015c                hdma_usart4_rx
                0x200001a4                huart5
                0x20000224                huart1
                0x200002a4                hdma_lpuart1_tx
                0x200002ec                hdma_lpuart1_rx
                0x20000334                aRxBuffer
                0x20000398                huart4
                0x20000418                huart2
                0x20000498                hdma_adc
                0x200004e0                hadc
                0x2000053c                word
                0x200005a0                . = ALIGN (0x4)
                0x200005a0                _ebss = .
                0x200005a0                __bss_end__ = _ebss

._user_heap_stack
                0x200005a0      0x600 load address 0x08003a78
                0x200005a0                . = ALIGN (0x4)
                0x200005a0                PROVIDE (end, .)
                [!provide]                PROVIDE (_end, .)
                0x200007a0                . = (. + _Min_Heap_Size)
 *fill*         0x200005a0      0x200 
                0x20000ba0                . = (. + _Min_Stack_Size)
 *fill*         0x200007a0      0x400 
                0x20000ba0                . = ALIGN (0x4)

/DISCARD/
 libc.a(*)
 libm.a(*)
 libgcc.a(*)

.ARM.attributes
                0x00000000       0x28
 *(.ARM.attributes)
 .ARM.attributes
                0x00000000       0x1e c:/program files (x86)/atollic/truestudio for stm32 9.3.0/armtools/bin/../lib/gcc/arm-atollic-eabi/6.3.1/armv6-m/crti.o
 .ARM.attributes
                0x0000001e       0x2c c:/program files (x86)/atollic/truestudio for stm32 9.3.0/armtools/bin/../lib/gcc/arm-atollic-eabi/6.3.1/armv6-m/crtbegin.o
 .ARM.attributes
                0x0000004a       0x32 Drivers\STM32L0xx_HAL_Driver\Src\stm32l0xx_hal.o
 .ARM.attributes
                0x0000007c       0x32 Drivers\STM32L0xx_HAL_Driver\Src\stm32l0xx_hal_adc.o
 .ARM.attributes
                0x000000ae       0x32 Drivers\STM32L0xx_HAL_Driver\Src\stm32l0xx_hal_cortex.o
 .ARM.attributes
                0x000000e0       0x32 Drivers\STM32L0xx_HAL_Driver\Src\stm32l0xx_hal_dma.o
 .ARM.attributes
                0x00000112       0x32 Drivers\STM32L0xx_HAL_Driver\Src\stm32l0xx_hal_gpio.o
 .ARM.attributes
                0x00000144       0x32 Drivers\STM32L0xx_HAL_Driver\Src\stm32l0xx_hal_i2c.o
 .ARM.attributes
                0x00000176       0x32 Drivers\STM32L0xx_HAL_Driver\Src\stm32l0xx_hal_i2c_ex.o
 .ARM.attributes
                0x000001a8       0x32 Drivers\STM32L0xx_HAL_Driver\Src\stm32l0xx_hal_rcc.o
 .ARM.attributes
                0x000001da       0x32 Drivers\STM32L0xx_HAL_Driver\Src\stm32l0xx_hal_rcc_ex.o
 .ARM.attributes
                0x0000020c       0x32 Drivers\STM32L0xx_HAL_Driver\Src\stm32l0xx_hal_uart.o
 .ARM.attributes
                0x0000023e       0x32 Drivers\STM32L0xx_HAL_Driver\Src\stm32l0xx_hal_uart_ex.o
 .ARM.attributes
                0x00000270       0x32 Drivers\STM32L0xx_HAL_Driver\Src\stm32l0xx_ll_rtc.o
 .ARM.attributes
                0x000002a2       0x32 Src\main.o
 .ARM.attributes
                0x000002d4       0x32 Src\stm32l0xx_hal_msp.o
 .ARM.attributes
                0x00000306       0x32 Src\stm32l0xx_it.o
 .ARM.attributes
                0x00000338       0x32 Src\system_stm32l0xx.o
 .ARM.attributes
                0x0000036a       0x22 startup\startup_stm32l072xx.o
 .ARM.attributes
                0x0000038c       0x2c c:/program files (x86)/atollic/truestudio for stm32 9.3.0/armtools/bin/../lib/gcc/arm-atollic-eabi/6.3.1/../../../../arm-atollic-eabi/lib/armv6-m\libc_nano.a(lib_a-init.o)
 .ARM.attributes
                0x000003b8       0x2c c:/program files (x86)/atollic/truestudio for stm32 9.3.0/armtools/bin/../lib/gcc/arm-atollic-eabi/6.3.1/../../../../arm-atollic-eabi/lib/armv6-m\libc_nano.a(lib_a-memset.o)
 .ARM.attributes
                0x000003e4       0x1e c:/program files (x86)/atollic/truestudio for stm32 9.3.0/armtools/bin/../lib/gcc/arm-atollic-eabi/6.3.1/armv6-m\libgcc.a(_thumb1_case_uqi.o)
 .ARM.attributes
                0x00000402       0x1e c:/program files (x86)/atollic/truestudio for stm32 9.3.0/armtools/bin/../lib/gcc/arm-atollic-eabi/6.3.1/armv6-m\libgcc.a(_thumb1_case_shi.o)
 .ARM.attributes
                0x00000420       0x1e c:/program files (x86)/atollic/truestudio for stm32 9.3.0/armtools/bin/../lib/gcc/arm-atollic-eabi/6.3.1/armv6-m\libgcc.a(_udivsi3.o)
 .ARM.attributes
                0x0000043e       0x1e c:/program files (x86)/atollic/truestudio for stm32 9.3.0/armtools/bin/../lib/gcc/arm-atollic-eabi/6.3.1/armv6-m\libgcc.a(_dvmd_tls.o)
 .ARM.attributes
                0x0000045c       0x1e c:/program files (x86)/atollic/truestudio for stm32 9.3.0/armtools/bin/../lib/gcc/arm-atollic-eabi/6.3.1/armv6-m\libgcc.a(_aeabi_uldivmod.o)
 .ARM.attributes
                0x0000047a       0x2c c:/program files (x86)/atollic/truestudio for stm32 9.3.0/armtools/bin/../lib/gcc/arm-atollic-eabi/6.3.1/armv6-m\libgcc.a(_udivmoddi4.o)
 .ARM.attributes
                0x000004a6       0x1e c:/program files (x86)/atollic/truestudio for stm32 9.3.0/armtools/bin/../lib/gcc/arm-atollic-eabi/6.3.1/armv6-m\libgcc.a(_clzdi2.o)
 .ARM.attributes
                0x000004c4       0x1e c:/program files (x86)/atollic/truestudio for stm32 9.3.0/armtools/bin/../lib/gcc/arm-atollic-eabi/6.3.1/armv6-m\libgcc.a(_clzsi2.o)
 .ARM.attributes
                0x000004e2       0x1e c:/program files (x86)/atollic/truestudio for stm32 9.3.0/armtools/bin/../lib/gcc/arm-atollic-eabi/6.3.1/armv6-m/crtn.o
OUTPUT(BLE.elf elf32-littlearm)

.debug_info     0x00000000    0x12a92
 .debug_info    0x00000000      0x902 Drivers\STM32L0xx_HAL_Driver\Src\stm32l0xx_hal.o
 .debug_info    0x00000902     0x1498 Drivers\STM32L0xx_HAL_Driver\Src\stm32l0xx_hal_adc.o
 .debug_info    0x00001d9a      0xb66 Drivers\STM32L0xx_HAL_Driver\Src\stm32l0xx_hal_cortex.o
 .debug_info    0x00002900      0x979 Drivers\STM32L0xx_HAL_Driver\Src\stm32l0xx_hal_dma.o
 .debug_info    0x00003279      0x83e Drivers\STM32L0xx_HAL_Driver\Src\stm32l0xx_hal_gpio.o
 .debug_info    0x00003ab7     0x3b41 Drivers\STM32L0xx_HAL_Driver\Src\stm32l0xx_hal_i2c.o
 .debug_info    0x000075f8      0x9d1 Drivers\STM32L0xx_HAL_Driver\Src\stm32l0xx_hal_i2c_ex.o
 .debug_info    0x00007fc9      0xf86 Drivers\STM32L0xx_HAL_Driver\Src\stm32l0xx_hal_rcc.o
 .debug_info    0x00008f4f      0xac4 Drivers\STM32L0xx_HAL_Driver\Src\stm32l0xx_hal_rcc_ex.o
 .debug_info    0x00009a13     0x1e5f Drivers\STM32L0xx_HAL_Driver\Src\stm32l0xx_hal_uart.o
 .debug_info    0x0000b872      0xa72 Drivers\STM32L0xx_HAL_Driver\Src\stm32l0xx_hal_uart_ex.o
 .debug_info    0x0000c2e4     0x1ac3 Drivers\STM32L0xx_HAL_Driver\Src\stm32l0xx_ll_rtc.o
 .debug_info    0x0000dda7     0x28c0 Src\main.o
 .debug_info    0x00010667     0x149f Src\stm32l0xx_hal_msp.o
 .debug_info    0x00011b06      0xb75 Src\stm32l0xx_it.o
 .debug_info    0x0001267b      0x398 Src\system_stm32l0xx.o
 .debug_info    0x00012a13       0x7f startup\startup_stm32l072xx.o

.debug_abbrev   0x00000000     0x27bb
 .debug_abbrev  0x00000000      0x28e Drivers\STM32L0xx_HAL_Driver\Src\stm32l0xx_hal.o
 .debug_abbrev  0x0000028e      0x2a5 Drivers\STM32L0xx_HAL_Driver\Src\stm32l0xx_hal_adc.o
 .debug_abbrev  0x00000533      0x29d Drivers\STM32L0xx_HAL_Driver\Src\stm32l0xx_hal_cortex.o
 .debug_abbrev  0x000007d0      0x218 Drivers\STM32L0xx_HAL_Driver\Src\stm32l0xx_hal_dma.o
 .debug_abbrev  0x000009e8      0x1ff Drivers\STM32L0xx_HAL_Driver\Src\stm32l0xx_hal_gpio.o
 .debug_abbrev  0x00000be7      0x334 Drivers\STM32L0xx_HAL_Driver\Src\stm32l0xx_hal_i2c.o
 .debug_abbrev  0x00000f1b      0x1c6 Drivers\STM32L0xx_HAL_Driver\Src\stm32l0xx_hal_i2c_ex.o
 .debug_abbrev  0x000010e1      0x2af Drivers\STM32L0xx_HAL_Driver\Src\stm32l0xx_hal_rcc.o
 .debug_abbrev  0x00001390      0x250 Drivers\STM32L0xx_HAL_Driver\Src\stm32l0xx_hal_rcc_ex.o
 .debug_abbrev  0x000015e0      0x321 Drivers\STM32L0xx_HAL_Driver\Src\stm32l0xx_hal_uart.o
 .debug_abbrev  0x00001901      0x23f Drivers\STM32L0xx_HAL_Driver\Src\stm32l0xx_hal_uart_ex.o
 .debug_abbrev  0x00001b40      0x324 Drivers\STM32L0xx_HAL_Driver\Src\stm32l0xx_ll_rtc.o
 .debug_abbrev  0x00001e64      0x40e Src\main.o
 .debug_abbrev  0x00002272      0x22c Src\stm32l0xx_hal_msp.o
 .debug_abbrev  0x0000249e      0x1fd Src\stm32l0xx_it.o
 .debug_abbrev  0x0000269b      0x10e Src\system_stm32l0xx.o
 .debug_abbrev  0x000027a9       0x12 startup\startup_stm32l072xx.o

.debug_loc      0x00000000     0x9095
 .debug_loc     0x00000000      0x17f Drivers\STM32L0xx_HAL_Driver\Src\stm32l0xx_hal.o
 .debug_loc     0x0000017f      0xa59 Drivers\STM32L0xx_HAL_Driver\Src\stm32l0xx_hal_adc.o
 .debug_loc     0x00000bd8      0x3f4 Drivers\STM32L0xx_HAL_Driver\Src\stm32l0xx_hal_cortex.o
 .debug_loc     0x00000fcc      0x795 Drivers\STM32L0xx_HAL_Driver\Src\stm32l0xx_hal_dma.o
 .debug_loc     0x00001761      0x586 Drivers\STM32L0xx_HAL_Driver\Src\stm32l0xx_hal_gpio.o
 .debug_loc     0x00001ce7     0x38d6 Drivers\STM32L0xx_HAL_Driver\Src\stm32l0xx_hal_i2c.o
 .debug_loc     0x000055bd      0x1ee Drivers\STM32L0xx_HAL_Driver\Src\stm32l0xx_hal_i2c_ex.o
 .debug_loc     0x000057ab      0x5c6 Drivers\STM32L0xx_HAL_Driver\Src\stm32l0xx_hal_rcc.o
 .debug_loc     0x00005d71      0x50e Drivers\STM32L0xx_HAL_Driver\Src\stm32l0xx_hal_rcc_ex.o
 .debug_loc     0x0000627f     0x1509 Drivers\STM32L0xx_HAL_Driver\Src\stm32l0xx_hal_uart.o
 .debug_loc     0x00007788      0x2fc Drivers\STM32L0xx_HAL_Driver\Src\stm32l0xx_hal_uart_ex.o
 .debug_loc     0x00007a84     0x12cf Drivers\STM32L0xx_HAL_Driver\Src\stm32l0xx_ll_rtc.o
 .debug_loc     0x00008d53       0x87 Src\main.o
 .debug_loc     0x00008dda      0x160 Src\stm32l0xx_hal_msp.o
 .debug_loc     0x00008f3a      0x15b Src\system_stm32l0xx.o

.debug_aranges  0x00000000      0xa98
 .debug_aranges
                0x00000000       0xf0 Drivers\STM32L0xx_HAL_Driver\Src\stm32l0xx_hal.o
 .debug_aranges
                0x000000f0       0xd8 Drivers\STM32L0xx_HAL_Driver\Src\stm32l0xx_hal_adc.o
 .debug_aranges
                0x000001c8       0x90 Drivers\STM32L0xx_HAL_Driver\Src\stm32l0xx_hal_cortex.o
 .debug_aranges
                0x00000258       0x78 Drivers\STM32L0xx_HAL_Driver\Src\stm32l0xx_hal_dma.o
 .debug_aranges
                0x000002d0       0x58 Drivers\STM32L0xx_HAL_Driver\Src\stm32l0xx_hal_gpio.o
 .debug_aranges
                0x00000328      0x238 Drivers\STM32L0xx_HAL_Driver\Src\stm32l0xx_hal_i2c.o
 .debug_aranges
                0x00000560       0x48 Drivers\STM32L0xx_HAL_Driver\Src\stm32l0xx_hal_i2c_ex.o
 .debug_aranges
                0x000005a8       0x80 Drivers\STM32L0xx_HAL_Driver\Src\stm32l0xx_hal_rcc.o
 .debug_aranges
                0x00000628       0x98 Drivers\STM32L0xx_HAL_Driver\Src\stm32l0xx_hal_rcc_ex.o
 .debug_aranges
                0x000006c0      0x1a0 Drivers\STM32L0xx_HAL_Driver\Src\stm32l0xx_hal_uart.o
 .debug_aranges
                0x00000860       0x58 Drivers\STM32L0xx_HAL_Driver\Src\stm32l0xx_hal_uart_ex.o
 .debug_aranges
                0x000008b8       0x80 Drivers\STM32L0xx_HAL_Driver\Src\stm32l0xx_ll_rtc.o
 .debug_aranges
                0x00000938       0x40 Src\main.o
 .debug_aranges
                0x00000978       0x50 Src\stm32l0xx_hal_msp.o
 .debug_aranges
                0x000009c8       0x80 Src\stm32l0xx_it.o
 .debug_aranges
                0x00000a48       0x28 Src\system_stm32l0xx.o
 .debug_aranges
                0x00000a70       0x28 startup\startup_stm32l072xx.o

.debug_ranges   0x00000000     0x11e0
 .debug_ranges  0x00000000       0xe0 Drivers\STM32L0xx_HAL_Driver\Src\stm32l0xx_hal.o
 .debug_ranges  0x000000e0       0xc8 Drivers\STM32L0xx_HAL_Driver\Src\stm32l0xx_hal_adc.o
 .debug_ranges  0x000001a8      0x138 Drivers\STM32L0xx_HAL_Driver\Src\stm32l0xx_hal_cortex.o
 .debug_ranges  0x000002e0       0xa8 Drivers\STM32L0xx_HAL_Driver\Src\stm32l0xx_hal_dma.o
 .debug_ranges  0x00000388       0x48 Drivers\STM32L0xx_HAL_Driver\Src\stm32l0xx_hal_gpio.o
 .debug_ranges  0x000003d0      0x288 Drivers\STM32L0xx_HAL_Driver\Src\stm32l0xx_hal_i2c.o
 .debug_ranges  0x00000658       0x38 Drivers\STM32L0xx_HAL_Driver\Src\stm32l0xx_hal_i2c_ex.o
 .debug_ranges  0x00000690       0xd8 Drivers\STM32L0xx_HAL_Driver\Src\stm32l0xx_hal_rcc.o
 .debug_ranges  0x00000768       0xa8 Drivers\STM32L0xx_HAL_Driver\Src\stm32l0xx_hal_rcc_ex.o
 .debug_ranges  0x00000810      0x190 Drivers\STM32L0xx_HAL_Driver\Src\stm32l0xx_hal_uart.o
 .debug_ranges  0x000009a0       0x48 Drivers\STM32L0xx_HAL_Driver\Src\stm32l0xx_hal_uart_ex.o
 .debug_ranges  0x000009e8      0x4a8 Drivers\STM32L0xx_HAL_Driver\Src\stm32l0xx_ll_rtc.o
 .debug_ranges  0x00000e90      0x1a0 Src\main.o
 .debug_ranges  0x00001030      0x108 Src\stm32l0xx_hal_msp.o
 .debug_ranges  0x00001138       0x70 Src\stm32l0xx_it.o
 .debug_ranges  0x000011a8       0x18 Src\system_stm32l0xx.o
 .debug_ranges  0x000011c0       0x20 startup\startup_stm32l072xx.o

.debug_line     0x00000000     0x7b47
 .debug_line    0x00000000      0x4a8 Drivers\STM32L0xx_HAL_Driver\Src\stm32l0xx_hal.o
 .debug_line    0x000004a8      0xa5a Drivers\STM32L0xx_HAL_Driver\Src\stm32l0xx_hal_adc.o
 .debug_line    0x00000f02      0x4d0 Drivers\STM32L0xx_HAL_Driver\Src\stm32l0xx_hal_cortex.o
 .debug_line    0x000013d2      0x576 Drivers\STM32L0xx_HAL_Driver\Src\stm32l0xx_hal_dma.o
 .debug_line    0x00001948      0x553 Drivers\STM32L0xx_HAL_Driver\Src\stm32l0xx_hal_gpio.o
 .debug_line    0x00001e9b     0x1b3a Drivers\STM32L0xx_HAL_Driver\Src\stm32l0xx_hal_i2c.o
 .debug_line    0x000039d5      0x410 Drivers\STM32L0xx_HAL_Driver\Src\stm32l0xx_hal_i2c_ex.o
 .debug_line    0x00003de5      0x74a Drivers\STM32L0xx_HAL_Driver\Src\stm32l0xx_hal_rcc.o
 .debug_line    0x0000452f      0x625 Drivers\STM32L0xx_HAL_Driver\Src\stm32l0xx_hal_rcc_ex.o
 .debug_line    0x00004b54      0xff5 Drivers\STM32L0xx_HAL_Driver\Src\stm32l0xx_hal_uart.o
 .debug_line    0x00005b49      0x40c Drivers\STM32L0xx_HAL_Driver\Src\stm32l0xx_hal_uart_ex.o
 .debug_line    0x00005f55      0xb4f Drivers\STM32L0xx_HAL_Driver\Src\stm32l0xx_ll_rtc.o
 .debug_line    0x00006aa4      0x646 Src\main.o
 .debug_line    0x000070ea      0x47c Src\stm32l0xx_hal_msp.o
 .debug_line    0x00007566      0x32f Src\stm32l0xx_it.o
 .debug_line    0x00007895      0x22f Src\system_stm32l0xx.o
 .debug_line    0x00007ac4       0x83 startup\startup_stm32l072xx.o

.debug_str      0x00000000     0x4017
 .debug_str     0x00000000      0x7cc Drivers\STM32L0xx_HAL_Driver\Src\stm32l0xx_hal.o
                                0x81e (size before relaxing)
 .debug_str     0x000007cc      0x6f2 Drivers\STM32L0xx_HAL_Driver\Src\stm32l0xx_hal_adc.o
                                0x9c8 (size before relaxing)
 .debug_str     0x00000ebe      0x2cb Drivers\STM32L0xx_HAL_Driver\Src\stm32l0xx_hal_cortex.o
                                0x7a5 (size before relaxing)
 .debug_str     0x00001189      0x248 Drivers\STM32L0xx_HAL_Driver\Src\stm32l0xx_hal_dma.o
                                0x6a5 (size before relaxing)
 .debug_str     0x000013d1      0x199 Drivers\STM32L0xx_HAL_Driver\Src\stm32l0xx_hal_gpio.o
                                0x4bf (size before relaxing)
 .debug_str     0x0000156a      0xad0 Drivers\STM32L0xx_HAL_Driver\Src\stm32l0xx_hal_i2c.o
                                0xf8d (size before relaxing)
 .debug_str     0x0000203a       0xfa Drivers\STM32L0xx_HAL_Driver\Src\stm32l0xx_hal_i2c_ex.o
                                0x897 (size before relaxing)
 .debug_str     0x00002134      0x323 Drivers\STM32L0xx_HAL_Driver\Src\stm32l0xx_hal_rcc.o
                                0x727 (size before relaxing)
 .debug_str     0x00002457      0x431 Drivers\STM32L0xx_HAL_Driver\Src\stm32l0xx_hal_rcc_ex.o
                                0x804 (size before relaxing)
 .debug_str     0x00002888      0x8a4 Drivers\STM32L0xx_HAL_Driver\Src\stm32l0xx_hal_uart.o
                                0xe6b (size before relaxing)
 .debug_str     0x0000312c      0x185 Drivers\STM32L0xx_HAL_Driver\Src\stm32l0xx_hal_uart_ex.o
                                0x839 (size before relaxing)
 .debug_str     0x000032b1      0x562 Drivers\STM32L0xx_HAL_Driver\Src\stm32l0xx_ll_rtc.o
                                0x7bf (size before relaxing)
 .debug_str     0x00003813      0x63c Src\main.o
                               0x193d (size before relaxing)
 .debug_str     0x00003e4f       0x1b Src\stm32l0xx_hal_msp.o
                                0xec1 (size before relaxing)
 .debug_str     0x00003e6a      0x15f Src\stm32l0xx_it.o
                                0x9f9 (size before relaxing)
 .debug_str     0x00003fc9       0x4e Src\system_stm32l0xx.o
                                0x303 (size before relaxing)

.comment        0x00000000       0x7c
 .comment       0x00000000       0x7c Drivers\STM32L0xx_HAL_Driver\Src\stm32l0xx_hal.o
                                 0x7d (size before relaxing)
 .comment       0x0000007c       0x7d Drivers\STM32L0xx_HAL_Driver\Src\stm32l0xx_hal_adc.o
 .comment       0x0000007c       0x7d Drivers\STM32L0xx_HAL_Driver\Src\stm32l0xx_hal_cortex.o
 .comment       0x0000007c       0x7d Drivers\STM32L0xx_HAL_Driver\Src\stm32l0xx_hal_dma.o
 .comment       0x0000007c       0x7d Drivers\STM32L0xx_HAL_Driver\Src\stm32l0xx_hal_gpio.o
 .comment       0x0000007c       0x7d Drivers\STM32L0xx_HAL_Driver\Src\stm32l0xx_hal_i2c.o
 .comment       0x0000007c       0x7d Drivers\STM32L0xx_HAL_Driver\Src\stm32l0xx_hal_i2c_ex.o
 .comment       0x0000007c       0x7d Drivers\STM32L0xx_HAL_Driver\Src\stm32l0xx_hal_rcc.o
 .comment       0x0000007c       0x7d Drivers\STM32L0xx_HAL_Driver\Src\stm32l0xx_hal_rcc_ex.o
 .comment       0x0000007c       0x7d Drivers\STM32L0xx_HAL_Driver\Src\stm32l0xx_hal_uart.o
 .comment       0x0000007c       0x7d Drivers\STM32L0xx_HAL_Driver\Src\stm32l0xx_hal_uart_ex.o
 .comment       0x0000007c       0x7d Drivers\STM32L0xx_HAL_Driver\Src\stm32l0xx_ll_rtc.o
 .comment       0x0000007c       0x7d Src\main.o
 .comment       0x0000007c       0x7d Src\stm32l0xx_hal_msp.o
 .comment       0x0000007c       0x7d Src\stm32l0xx_it.o
 .comment       0x0000007c       0x7d Src\system_stm32l0xx.o

.debug_frame    0x00000000     0x1ff4
 .debug_frame   0x00000000      0x210 Drivers\STM32L0xx_HAL_Driver\Src\stm32l0xx_hal.o
 .debug_frame   0x00000210      0x2f8 Drivers\STM32L0xx_HAL_Driver\Src\stm32l0xx_hal_adc.o
 .debug_frame   0x00000508      0x138 Drivers\STM32L0xx_HAL_Driver\Src\stm32l0xx_hal_cortex.o
 .debug_frame   0x00000640      0x164 Drivers\STM32L0xx_HAL_Driver\Src\stm32l0xx_hal_dma.o
 .debug_frame   0x000007a4       0xf0 Drivers\STM32L0xx_HAL_Driver\Src\stm32l0xx_hal_gpio.o
 .debug_frame   0x00000894      0x864 Drivers\STM32L0xx_HAL_Driver\Src\stm32l0xx_hal_i2c.o
 .debug_frame   0x000010f8       0xb8 Drivers\STM32L0xx_HAL_Driver\Src\stm32l0xx_hal_i2c_ex.o
 .debug_frame   0x000011b0      0x150 Drivers\STM32L0xx_HAL_Driver\Src\stm32l0xx_hal_rcc.o
 .debug_frame   0x00001300      0x19c Drivers\STM32L0xx_HAL_Driver\Src\stm32l0xx_hal_rcc_ex.o
 .debug_frame   0x0000149c      0x578 Drivers\STM32L0xx_HAL_Driver\Src\stm32l0xx_hal_uart.o
 .debug_frame   0x00001a14       0xc0 Drivers\STM32L0xx_HAL_Driver\Src\stm32l0xx_hal_uart_ex.o
 .debug_frame   0x00001ad4      0x174 Drivers\STM32L0xx_HAL_Driver\Src\stm32l0xx_ll_rtc.o
 .debug_frame   0x00001c48       0x8c Src\main.o
 .debug_frame   0x00001cd4       0xc4 Src\stm32l0xx_hal_msp.o
 .debug_frame   0x00001d98      0x178 Src\stm32l0xx_it.o
 .debug_frame   0x00001f10       0x3c Src\system_stm32l0xx.o
 .debug_frame   0x00001f4c       0x2c c:/program files (x86)/atollic/truestudio for stm32 9.3.0/armtools/bin/../lib/gcc/arm-atollic-eabi/6.3.1/../../../../arm-atollic-eabi/lib/armv6-m\libc_nano.a(lib_a-init.o)
 .debug_frame   0x00001f78       0x20 c:/program files (x86)/atollic/truestudio for stm32 9.3.0/armtools/bin/../lib/gcc/arm-atollic-eabi/6.3.1/../../../../arm-atollic-eabi/lib/armv6-m\libc_nano.a(lib_a-memset.o)
 .debug_frame   0x00001f98       0x20 c:/program files (x86)/atollic/truestudio for stm32 9.3.0/armtools/bin/../lib/gcc/arm-atollic-eabi/6.3.1/armv6-m\libgcc.a(_udivsi3.o)
 .debug_frame   0x00001fb8       0x3c c:/program files (x86)/atollic/truestudio for stm32 9.3.0/armtools/bin/../lib/gcc/arm-atollic-eabi/6.3.1/armv6-m\libgcc.a(_udivmoddi4.o)
