stm32l0xx_it.c:80:6:NMI_Handler	0	static
stm32l0xx_it.c:93:6:HardFault_Handler	0	static
stm32l0xx_it.c:108:6:SVC_Handler	0	static
stm32l0xx_it.c:121:6:PendSV_Handler	0	static
stm32l0xx_it.c:134:6:SysTick_Handler	8	static
stm32l0xx_it.c:155:6:RTC_IRQHandler	0	static
stm32l0xx_it.c:169:6:RCC_CRS_IRQHandler	0	static
stm32l0xx_it.c:182:6:EXTI0_1_IRQHandler	8	static
stm32l0xx_it.c:197:6:EXTI4_15_IRQHandler	8	static
stm32l0xx_it.c:212:6:DMA1_Channel1_IRQHandler	8	static
stm32l0xx_it.c:226:6:DMA1_Channel2_3_IRQHandler	8	static
stm32l0xx_it.c:241:6:DMA1_Channel4_5_6_7_IRQHandler	8	static
stm32l0xx_it.c:256:6:ADC1_COMP_IRQHandler	8	static
stm32l0xx_it.c:270:6:USART4_5_IRQHandler	8	static
stm32l0xx_it.c:285:6:USART1_IRQHandler	8	static
stm32l0xx_it.c:299:6:USART2_IRQHandler	8	static
stm32l0xx_it.c:313:6:RNG_LPUART1_IRQHandler	8	static
